  ADVERSARIAL CHECKS on the redundant-bit finding.

  run                      cls   n | perp/logit  perp/perp  perp/geom |  fitprobe   auc_t  dc_frac
  d47_seed0                  A  47 |       2.50       2.67      0.258 |      100%   1.000    0.127
  d47_seed1                  A  47 |       1.56       1.62      0.245 |      100%   1.000    0.146
  d47_seed3                  A  47 |       2.56       2.62      0.119 |      100%   1.000    0.133
  d47_seed4                  B  47 |       1.77       1.83      0.275 |       51%   0.500    0.006
  d47_seed6                  I  47 |       1.91       1.98      0.208 |       60%   0.683    0.123
  d47_seed7                  A  47 |       2.04       2.13      0.355 |      100%   1.000    0.145
  d47_seed8                  A  47 |       2.37       2.58      0.387 |      100%   1.000    0.158
  d47_seed9                  A  47 |       1.97       2.06      0.315 |      100%   1.000    0.130
  d51_seed0                  B  51 |       2.82       2.86      0.134 |       50%   0.508    0.018
  d51_seed2                  A  51 |       2.23       2.42      0.210 |      100%   1.000    0.161
  d53_seed1                  A  53 |       2.01       2.11      0.178 |      100%   1.000    0.212
  d53_seed2                  B  53 |       2.60       2.81      0.265 |       50%   0.502    0.018
  d55_seed0                  B  55 |       2.37       2.45      0.248 |       51%   0.504    0.010
  d55_seed2                  B  55 |       2.09       2.14      0.236 |       51%   0.507    0.060
  d59_30pct_seed0            A  59 |       3.01       3.25      0.255 |      100%   1.000    0.132
  d59_30pct_seed1            A  59 |       1.86       1.96      0.249 |      100%   1.000    0.167
  d59_30pct_seed3            A  59 |       2.19       2.25      0.227 |      100%   1.000    0.138
  d59_30pct_seed4_resumed    A  59 |       2.56       2.65      0.148 |      100%   1.000    0.121
  d61_seed0                  B  61 |       1.65       1.68      0.108 |       49%   0.500    0.009
  d61_seed1                  B  61 |       2.42       2.48      0.280 |       49%   0.506    0.004
  d61_seed2                  A  61 |       2.08       2.22      0.237 |      100%   1.000    0.212
  d61_seed4                  I  61 |       2.48       2.58      0.296 |       64%   0.663    0.038
  d61_seed6                  B  61 |       1.97       2.01      0.245 |       51%   0.500    0.006
  d61_seed8                  A  61 |       1.65       1.67      0.138 |      100%   1.000    0.125
  d61_seed9                  B  61 |       1.52       1.59      0.277 |       49%   0.500    0.016
  d63_seed0                  B  63 |       1.95       1.99      0.255 |       50%   0.501    0.027
  d63_seed1                  B  63 |       2.43       2.52      0.266 |       50%   0.501    0.011
  d63_seed2                  A  63 |       1.84       1.89      0.305 |      100%   1.000    0.172
  d63_seed3                  B  63 |       2.30       2.42      0.201 |       50%   0.548    0.013
  d63_seed4                  B  63 |       1.65       1.69      0.166 |       50%   0.501    0.010
  d63_seed5                  B  63 |       2.13       2.18      0.222 |       50%   0.505    0.016
  d63_seed6                  B  63 |       2.46       2.56      0.179 |       50%   0.500    0.008
  d63_seed7                  B  63 |       1.97       2.10      0.232 |       50%   0.505    0.022
  d63_seed8                  A  63 |       2.17       2.35      0.154 |      100%   1.000    0.202
  d63_seed9                  B  63 |       2.45       2.52      0.155 |       50%   0.503    0.008

  wrote 35 rows to results/adversarial_checks.csv

  CHECK 1 + 3 -- frequency margin by class, three normalizations, pooled and per order
     group cls   k  perp/logit  perp/perp  perp/geom
    pooled   A  16        2.16       2.28      0.236
    pooled   B  17        2.15       2.22      0.220
        47   A   6        2.17       2.28      0.280
        47   B   1        1.77       1.83      0.275
        51   A   1        2.23       2.42      0.210
        51   B   1        2.82       2.86      0.134
        53   A   1        2.01       2.11      0.178
        53   B   1        2.60       2.81      0.265
        55   B   2        2.23       2.29      0.242
        59   A   4        2.40       2.53      0.220
        61   A   2        1.86       1.94      0.187
        61   B   4        1.89       1.94      0.228
        63   A   2        2.01       2.12      0.230
        63   B   8        2.17       2.25      0.209

  CHECK 2 -- fitted linear probe on the final residual (chance = 50%)
    class A (n=16): 100.0% [100, 100]
    class B (n=17): 50.0% [49, 51]
    class I (n=2): 61.8% [60, 64]

  CHECK 4 -- sorted distributions, largest gap marked
    auc_t: 0.500 0.500 0.500 0.500 0.500 0.501 0.501 0.501 0.502 0.503 0.504 0.505 0.505 0.506 0.507 0.508 0.548 0.663 0.683  <<GAP 0.317>>  1.000 1.000 1.000 1.000 1.000 1.000 1.000 1.000 1.000 1.000 1.000 1.000 1.000 1.000 1.000 1.000
    dc_frac: 0.004 0.006 0.006 0.008 0.008 0.009 0.010 0.010 0.011 0.013 0.016 0.016 0.018 0.018 0.022 0.027 0.038 0.060  <<GAP 0.061>>  0.121 0.123 0.125 0.127 0.130 0.132 0.133 0.138 0.145 0.146 0.158 0.161 0.167 0.172 0.202 0.212 0.212
