  Removing the index-independent type direction from the output layer.
  rand = same ablation along a random unit direction, mean of 3 draws.
  Error profile is for the t-ablation: of the wrong predictions, the fraction that are
  right-index/wrong-type, wrong-index/right-type, and both-wrong.

  run                        cls |    acc |  acc_t  idx_t  typ_t | acc_rnd |  typ!  idx! both!
  d47_seed0                    A |  1.000 |  0.865  0.865  0.865 |   1.000 |  0.00  0.00  1.00
  d47_seed1                    A |  1.000 |  0.710  0.710  0.710 |   1.000 |  0.00  0.00  1.00
  d47_seed3                    A |  1.000 |  0.950  0.950  0.950 |   1.000 |  0.00  0.00  1.00
  d47_seed4                    B |  1.000 |  0.999  0.999  1.000 |   1.000 |  0.00  0.56  0.44
  d47_seed6                    I |  0.996 |  0.887  0.891  0.890 |   0.993 |  0.03  0.03  0.94
  d47_seed7                    A |  1.000 |  0.868  0.870  0.868 |   1.000 |  0.01  0.00  0.99
  d47_seed8                    A |  1.000 |  0.861  0.862  0.861 |   1.000 |  0.01  0.00  0.99
  d47_seed9                    A |  1.000 |  0.927  0.928  0.928 |   1.000 |  0.00  0.00  1.00
  d51_seed0                    B |  0.997 |  0.996  0.996  1.000 |   0.997 |  0.00  0.91  0.09
  d51_seed2                    A |  1.000 |  0.899  0.899  0.899 |   1.000 |  0.00  0.00  1.00
  d53_seed1                    A |  1.000 |  0.890  0.892  0.891 |   1.000 |  0.01  0.00  0.99
  d53_seed2                    B |  1.000 |  0.981  0.981  0.985 |   1.000 |  0.00  0.22  0.78
  d55_seed0                    B |  1.000 |  0.989  0.989  0.989 |   1.000 |  0.04  0.02  0.94
  d55_seed2                    B |  0.997 |  0.995  0.995  0.998 |   0.996 |  0.00  0.67  0.33
  d59_30pct_seed0              A |  1.000 |  0.901  0.901  0.901 |   1.000 |  0.00  0.00  1.00
  d59_30pct_seed1              A |  1.000 |  0.948  0.948  0.949 |   1.000 |  0.00  0.00  1.00
  d59_30pct_seed3              A |  1.000 |  0.892  0.893  0.893 |   0.999 |  0.01  0.00  0.99
  d59_30pct_seed4_resumed      A |  0.996 |  0.901  0.901  0.903 |   0.988 |  0.00  0.03  0.97
  d61_seed0                    B |  1.000 |  0.997  0.997  0.997 |   1.000 |  0.00  0.11  0.89
  d61_seed1                    B |  1.000 |  0.996  0.996  0.996 |   1.000 |  0.00  0.05  0.95
  d61_seed2                    A |  1.000 |  0.895  0.897  0.895 |   1.000 |  0.02  0.00  0.98
  d61_seed4                    I |  1.000 |  0.910  0.910  0.923 |   1.000 |  0.00  0.14  0.85
  d61_seed6                    B |  1.000 |  0.982  0.982  0.987 |   1.000 |  0.00  0.26  0.74
  d61_seed8                    A |  1.000 |  0.987  0.987  0.987 |   0.999 |  0.00  0.00  1.00
  d61_seed9                    B |  1.000 |  0.958  0.964  0.965 |   1.000 |  0.13  0.15  0.71
  d63_seed0                    B |  1.000 |  0.999  0.999  1.000 |   1.000 |  0.00  0.25  0.75
  d63_seed1                    B |  1.000 |  0.979  0.979  0.983 |   1.000 |  0.00  0.21  0.79
  d63_seed2                    A |  1.000 |  0.811  0.811  0.811 |   1.000 |  0.00  0.00  1.00
  d63_seed3                    B |  1.000 |  0.951  0.951  0.982 |   1.000 |  0.00  0.62  0.38
  d63_seed4                    B |  1.000 |  0.706  0.706  0.918 |   1.000 |  0.00  0.72  0.28
  d63_seed5                    B |  1.000 |  0.997  0.997  0.999 |   0.999 |  0.00  0.72  0.28
  d63_seed6                    B |  1.000 |  0.994  0.994  0.995 |   1.000 |  0.02  0.14  0.84
  d63_seed7                    B |  1.000 |  0.966  0.966  0.988 |   1.000 |  0.02  0.65  0.33
  d63_seed8                    A |  1.000 |  0.936  0.936  0.936 |   1.000 |  0.00  0.00  1.00
  d63_seed9                    B |  1.000 |  0.999  0.999  0.999 |   1.000 |  0.00  0.00  1.00

  wrote 35 rows to results/dc_component_ablation.csv

  class A (n=16): acc 1.000 -> 0.890 under t-ablation, -> 0.999 under a random direction; after t-ablation idx 0.891 typ 0.890
           error profile: wrong-type-only 0.00, wrong-index-only 0.00, both 0.99
  class B (n=17): acc 1.000 -> 0.970 under t-ablation, -> 0.999 under a random direction; after t-ablation idx 0.970 typ 0.987
           error profile: wrong-type-only 0.01, wrong-index-only 0.37, both 0.62
  class I (n=2): acc 0.998 -> 0.898 under t-ablation, -> 0.996 under a random direction; after t-ablation idx 0.900 typ 0.907
           error profile: wrong-type-only 0.02, wrong-index-only 0.09, both 0.89
