  Probing the FINAL RESIDUAL for output type, five ways. Chance = 50.

  run                      cls | raw_adam std_adam std_sweep  ridge    mlp
  d47_seed0                  A |   100.0%   100.0%    100.0% 100.0% 100.0%
  d47_seed1                  A |   100.0%   100.0%    100.0% 100.0% 100.0%
  d47_seed3                  A |   100.0%   100.0%    100.0% 100.0% 100.0%
  d47_seed4                  B |    51.1%    47.9%     50.6%  48.1% 100.0%
  d47_seed6                  I |    59.7%    84.8%     85.3%  80.0% 100.0%
  d47_seed7                  A |   100.0%   100.0%    100.0% 100.0% 100.0%
  d47_seed8                  A |   100.0%   100.0%    100.0% 100.0% 100.0%
  d47_seed9                  A |   100.0%   100.0%    100.0% 100.0% 100.0%
  d51_seed0                  B |    50.0%    52.7%     55.4%  54.9% 100.0%
  d51_seed2                  A |   100.0%   100.0%    100.0% 100.0% 100.0%
  d53_seed1                  A |   100.0%   100.0%    100.0% 100.0% 100.0%
  d53_seed2                  B |    50.2%    46.2%     47.9%  45.8% 100.0%
  d55_seed0                  B |    50.9%    47.5%     49.6%  46.9% 100.0%
  d55_seed2                  B |    50.6%    49.0%     48.7%  47.9% 100.0%
  d59_30pct_seed0            A |   100.0%   100.0%    100.0% 100.0% 100.0%
  d59_30pct_seed1            A |   100.0%   100.0%    100.0% 100.0% 100.0%
  d59_30pct_seed3            A |   100.0%   100.0%    100.0% 100.0% 100.0%
  d59_30pct_seed4_resumed    A |   100.0%   100.0%    100.0% 100.0% 100.0%
  d61_seed0                  B |    49.4%    46.3%     48.3%  46.4% 100.0%
  d61_seed1                  B |    49.4%    50.1%     50.2%  48.9% 100.0%
  d61_seed2                  A |   100.0%   100.0%    100.0% 100.0% 100.0%
  d61_seed4                  I |    63.9%    83.0%     83.8%  76.4% 100.0%
  d61_seed6                  B |    50.6%    45.7%     48.9%  46.3% 100.0%
  d61_seed8                  A |   100.0%   100.0%    100.0% 100.0% 100.0%
  d61_seed9                  B |    49.4%    49.1%     49.8%  44.9% 100.0%
  d63_seed0                  B |    49.9%    47.2%     50.0%  46.5% 100.0%
  d63_seed1                  B |    49.6%    46.8%     48.0%  46.9% 100.0%
  d63_seed2                  A |   100.0%   100.0%    100.0% 100.0% 100.0%
  d63_seed3                  B |    49.7%    52.3%     53.6%  52.4% 100.0%
  d63_seed4                  B |    49.8%    52.8%     54.1%  51.3% 100.0%
  d63_seed5                  B |    49.8%    52.3%     53.3%  52.4% 100.0%
  d63_seed6                  B |    49.5%    47.4%     48.5%  47.1% 100.0%
  d63_seed7                  B |    49.8%    48.4%     50.1%  47.9% 100.0%
  d63_seed8                  A |   100.0%   100.0%    100.0% 100.0% 100.0%
  d63_seed9                  B |    49.8%    50.7%     50.3%  50.5% 100.0%
  wrote 35 rows to results/residual_probe_robustness.csv

   cls   k           raw_adam           std_adam          std_sweep              ridge                mlp
     A  16    100.0 [100,100]   100.0 [100,100]   100.0 [100,100]   100.0 [100,100]   100.0 [100,100]
     B  17     50.0 [49,51]    49.0 [46,53]    50.4 [48,55]    48.5 [45,55]   100.0 [100,100]
     I   2     61.8 [60,64]    83.9 [83,85]    84.5 [84,85]    78.2 [76,80]   100.0 [100,100]
