  Type margin split between the index-independent direction and the rest.
  Margins normalized per example by the sd of that example's element logits.

  run                      cls |  margin     dc   perp  dc_sh rnd_sh  dc_cv | perp_rot perp_ref |    neg    p05
  d47_seed0                  A |    3.13   0.62   2.50   0.20  0.009   0.33 |     2.50     2.50 |  0.000   1.14
  d47_seed1                  A |    1.85   0.29   1.56   0.16  0.004   0.21 |     1.49     1.64 |  0.000   0.45
  d47_seed3                  A |    3.08   0.52   2.56   0.17  0.007   0.21 |     2.53     2.58 |  0.000   0.90
  d47_seed4                  B |    1.80   0.03   1.77   0.02  0.006   6.14 |     1.81     1.73 |  0.000   0.50
  d47_seed6                  I |    2.04   0.13   1.91   0.05  0.011   1.61 |     2.06     1.77 |  0.006   0.56
  d47_seed7                  A |    2.46   0.42   2.04   0.17  0.002   0.27 |     2.03     2.04 |  0.003   0.43
  d47_seed8                  A |    3.05   0.68   2.37   0.22  0.007   0.16 |     2.33     2.40 |  0.001   0.94
  d47_seed9                  A |    2.43   0.46   1.97   0.17  0.006   0.13 |     1.96     1.97 |  0.000   0.46
  d51_seed0                  B |    2.84   0.02   2.82   0.01  0.008   3.35 |     2.82     2.81 |  0.000   1.34
  d51_seed2                  A |    2.96   0.73   2.23   0.25  0.013   0.15 |     2.26     2.20 |  0.000   0.91
  d53_seed1                  A |    2.60   0.59   2.01   0.23  0.010   0.19 |     1.94     2.08 |  0.001   0.52
  d53_seed2                  B |    2.79   0.19   2.60   0.07  0.006   2.75 |     2.49     2.71 |  0.000   1.12
  d55_seed0                  B |    2.53   0.16   2.37   0.06  0.006   1.47 |     2.34     2.41 |  0.001   1.04
  d55_seed2                  B |    2.10   0.01   2.09   0.00  0.007   0.66 |     2.15     2.04 |  0.000   0.69
  d59_30pct_seed0            A |    3.74   0.73   3.01   0.20  0.005   0.19 |     2.95     3.07 |  0.000   1.81
  d59_30pct_seed1            A |    2.35   0.49   1.86   0.21  0.017   0.22 |     1.85     1.86 |  0.000   0.74
  d59_30pct_seed3            A |    2.60   0.41   2.19   0.15  0.006   0.22 |     2.20     2.17 |  0.001   0.66
  d59_30pct_seed4_resumed    A |    2.97   0.41   2.56   0.13  0.006   0.22 |     2.50     2.62 |  0.000   1.12
  d61_seed0                  B |    1.73   0.08   1.65   0.05  0.012   0.65 |     1.76     1.54 |  0.000   0.91
  d61_seed1                  B |    2.52   0.09   2.42   0.04  0.008   3.72 |     2.40     2.45 |  0.000   1.16
  d61_seed2                  A |    2.67   0.59   2.08   0.22  0.008   0.26 |     2.03     2.12 |  0.003   0.52
  d61_seed4                  I |    2.54   0.06   2.48   0.03  0.006   0.27 |     2.67     2.30 |  0.000   0.92
  d61_seed6                  B |    2.02   0.05   1.97   0.03  0.008   2.85 |     2.04     1.89 |  0.000   0.68
  d61_seed8                  A |    1.90   0.25   1.65   0.12  0.006   0.14 |     1.66     1.64 |  0.000   0.63
  d61_seed9                  B |    1.55   0.03   1.52   0.02  0.007   4.86 |     1.55     1.50 |  0.008   0.40
  d63_seed0                  B |    1.98   0.03   1.95   0.02  0.008   2.02 |     1.99     1.91 |  0.000   0.74
  d63_seed1                  B |    2.52   0.09   2.43   0.03  0.007   1.56 |     2.50     2.36 |  0.000   1.32
  d63_seed2                  A |    2.14   0.30   1.84   0.12  0.005   0.20 |     1.79     1.89 |  0.000   0.55
  d63_seed3                  B |    2.47   0.17   2.30   0.07  0.007   4.17 |     2.44     2.16 |  0.000   0.88
  d63_seed4                  B |    1.66   0.01   1.65   0.00  0.011   0.31 |     1.51     1.79 |  0.000   0.70
  d63_seed5                  B |    2.17   0.04   2.13   0.02  0.005   5.44 |     2.19     2.08 |  0.000   0.88
  d63_seed6                  B |    2.58   0.13   2.46   0.05  0.007  24.47 |     2.50     2.42 |  0.000   1.13
  d63_seed7                  B |    2.07   0.10   1.97   0.05  0.011  12.76 |     1.88     2.06 |  0.001   0.76
  d63_seed8                  A |    2.88   0.70   2.17   0.24  0.011   0.13 |     2.18     2.17 |  0.000   0.75
  d63_seed9                  B |    2.47   0.02   2.45   0.01  0.010   1.05 |     2.51     2.39 |  0.000   1.22

  wrote 35 rows to results/type_margin_decomposition.csv

  class A (n=16): total margin 2.67, of which dc 0.51 and perp 2.16
           dc share 0.19 (random direction 0.008); dc_cv 0.20; perp margin rot 2.14 vs refl 2.18
           frequency-only margin NEGATIVE on 0.001 of products [0.000, 0.003]; 5th pct 0.78
  class B (n=17): total margin 2.22, of which dc 0.07 and perp 2.15
           dc share 0.03 (random direction 0.008); dc_cv 4.60; perp margin rot 2.17 vs refl 2.13
           frequency-only margin NEGATIVE on 0.001 of products [0.000, 0.008]; 5th pct 0.91
  class I (n=2): total margin 2.29, of which dc 0.09 and perp 2.20
           dc share 0.04 (random direction 0.009); dc_cv 0.94; perp margin rot 2.36 vs refl 2.03
           frequency-only margin NEGATIVE on 0.003 of products [0.000, 0.006]; 5th pct 0.74
