  Type-carrying frequencies vs index-circuit frequencies.

  run                          cls       emb_top3       typ_top3  ovl  chance   corr
  d47_seed0                      A    [3, 16, 21]    [3, 16, 21]    3    0.39   0.87
  d47_seed1                      A   [10, 17, 23]    [9, 17, 23]    2    0.39   0.96
  d47_seed3                      A    [3, 11, 16]    [3, 16, 22]    2    0.39   0.69
  d47_seed4                      B    [8, 16, 19]    [8, 16, 19]    3    0.39   0.97
  d47_seed6                      I    [8, 17, 19]    [8, 17, 19]    3    0.39   0.96
  d47_seed7                      A     [2, 3, 16]    [2, 16, 22]    2    0.39   0.99
  d47_seed8                      A    [3, 19, 23]    [3, 19, 23]    3    0.39   0.97
  d47_seed9                      A   [17, 19, 22]   [17, 19, 22]    3    0.39   0.95
  d51_seed0                      B    [9, 12, 22]   [12, 15, 22]    2    0.36   0.63
  d51_seed2                      A    [5, 12, 13]    [5, 12, 13]    3    0.36   0.99
  d53_seed1                      A     [2, 7, 10]     [2, 7, 10]    3    0.35   0.99
  d53_seed2                      B    [1, 18, 23]    [1, 18, 23]    3    0.35   0.99
  d55_seed0                      B    [4, 18, 24]    [4, 18, 24]    3    0.33   0.99
  d55_seed2                      B   [11, 13, 16]   [11, 13, 16]    3    0.33   0.93
  d59_30pct_seed0                A    [2, 16, 19]    [2, 16, 19]    3    0.31   0.96
  d59_30pct_seed1                A    [3, 13, 25]    [3, 13, 25]    3    0.31   0.96
  d59_30pct_seed3                A   [11, 20, 26]   [11, 20, 26]    3    0.31   0.90
  d59_30pct_seed4_resumed        A     [3, 6, 13]    [3, 12, 13]    2    0.31   0.91
  d61_seed0                      B   [17, 23, 27]   [15, 17, 27]    2    0.30   0.96
  d61_seed1                      B     [5, 6, 28]     [5, 6, 28]    3    0.30   0.94
  d61_seed2                      A    [6, 19, 28]    [6, 19, 28]    3    0.30   0.98
  d61_seed4                      I    [3, 15, 17]    [3, 15, 17]    3    0.30   0.99
  d61_seed6                      B    [6, 20, 28]    [6, 20, 24]    2    0.30   0.99
  d61_seed8                      A    [4, 27, 28]    [4, 27, 28]    3    0.30   0.80
  d61_seed9                      B    [6, 15, 27]    [7, 15, 27]    2    0.30   0.97
  d63_seed0                      B   [10, 17, 26]   [10, 17, 26]    3    0.29   0.99
  d63_seed1                      B   [21, 23, 24]   [21, 23, 24]    3    0.29   0.94
  d63_seed2                      A   [10, 17, 23]   [10, 17, 23]    3    0.29   0.91
  d63_seed3                      B   [11, 21, 23]   [11, 21, 23]    3    0.29   1.00
  d63_seed4                      B   [16, 21, 23]   [16, 21, 23]    3    0.29   0.97
  d63_seed5                      B   [21, 26, 28]    [8, 26, 28]    2    0.29   0.94
  d63_seed6                      B    [6, 16, 30]    [6, 16, 30]    3    0.29   0.98
  d63_seed7                      B     [4, 7, 21]     [4, 7, 21]    3    0.29   0.97
  d63_seed8                      A   [17, 21, 26]   [17, 21, 26]    3    0.29   0.95
  d63_seed9                      B   [16, 17, 26]   [16, 17, 26]    3    0.29   0.95

  wrote 35 rows to results/type_frequency_alignment.csv

  class A (n=16): mean overlap 2.75 of 3 (chance 0.34), mean corr 0.92, overlap=3 in 12/16 runs
  class B (n=17): mean overlap 2.71 of 3 (chance 0.31), mean corr 0.95, overlap=3 in 12/17 runs
  class I (n=2): mean overlap 3.00 of 3 (chance 0.35), mean corr 0.97, overlap=3 in 2/2 runs
