  Zero-parameter readout along t = mean_c(U[r_c] - U[s_c]).
  run                        n cls lin_out |    AUC  acc@thr ffn_share model_acc
  d47_seed0                 47   A    100% |  1.000    0.999      2.25     1.000
  d47_seed1                 47   A    100% |  1.000    0.999      4.36     1.000
  d47_seed3                 47   A    100% |  1.000    0.999      7.06     1.000
  d47_seed4                 47   B     52% |  0.500    0.536      3.64     1.000
  d47_seed6                 47   I     88% |  0.683    0.715     15.32     0.996
  d47_seed7                 47   A    100% |  1.000    0.999      2.19     1.000
  d47_seed8                 47   A    100% |  1.000    0.999      5.56     1.000
  d47_seed9                 47   A    100% |  1.000    0.999      3.01     1.000
  d51_seed0                 51   B     50% |  0.508    0.511     10.10     0.997
  d51_seed2                 51   A    100% |  1.000    1.000      3.47     1.000
  d53_seed1                 53   A    100% |  1.000    0.999      8.25     1.000
  d53_seed2                 53   B     48% |  0.502    0.562      2.32     1.000
  d55_seed0                 55   B     57% |  0.504    0.516      3.41     1.000
  d55_seed2                 55   B     51% |  0.507    0.569     11.28     0.997
  d59_30pct_seed0           59   A    100% |  1.000    0.999      1.95     1.000
  d59_30pct_seed1           59   A    100% |  1.000    0.999     10.65     1.000
  d59_30pct_seed3           59   A    100% |  1.000    0.999     16.14     1.000
  d59_30pct_seed4_resumed   59   A    100% |  1.000    0.999     11.75     0.996
  d61_seed0                 61   B     49% |  0.500    0.543     16.15     1.000
  d61_seed1                 61   B     58% |  0.506    0.534      3.64     1.000
  d61_seed2                 61   A    100% |  1.000    1.000     14.45     1.000
  d61_seed4                 61   I     85% |  0.663    0.628     10.69     1.000
  d61_seed6                 61   B     60% |  0.500    0.528      2.68     1.000
  d61_seed8                 61   A    100% |  1.000    1.000      4.26     1.000
  d61_seed9                 61   B     45% |  0.500    0.551      1.74     1.000
  d63_seed0                 63   B     50% |  0.501    0.514      3.32     1.000
  d63_seed1                 63   B     51% |  0.501    0.536      4.09     1.000
  d63_seed2                 63   A    100% |  1.000    0.999     17.06     1.000
  d63_seed3                 63   B     69% |  0.548    0.617      4.83     1.000
  d63_seed4                 63   B     70% |  0.501    0.515      2.91     1.000
  d63_seed5                 63   B     69% |  0.505    0.518      7.72     1.000
  d63_seed6                 63   B     57% |  0.500    0.534      2.74     1.000
  d63_seed7                 63   B     62% |  0.505    0.539      2.62     1.000
  d63_seed8                 63   A    100% |  1.000    0.999      7.02     1.000
  d63_seed9                 63   B     56% |  0.503    0.511      6.05     1.000
  wrote 35 rows to results/unembed_type_direction_readout.csv

   cls   k                AUC            acc@thr
     A  16    1.000 [1.000,1.000]    0.999 [0.999,1.000]
     B  17    0.505 [0.500,0.548]    0.537 [0.511,0.617]
     I   2    0.673 [0.663,0.683]    0.671 [0.628,0.715]
  READ: AUC~1 in class A only => the weight-derived shared direction IS the type feature there (no probe needed).
